To honour the JVM settings for this build a single-use Daemon process will be forked. For more on this, please refer to https://docs.gradle.org/8.14.5/userguide/gradle_daemon.html#sec:disabling_the_daemon in the Gradle documentation.
Daemon will be stopped at the end of the build 
> Task :createArtifactManifest UP-TO-DATE
> Task :createMinecraftArtifacts UP-TO-DATE

> Task :compileJava FAILED
D:\Downloads\Code\Code1\src\main\java\com\example\mydimension\MyDimensionPortalBlock.java:94: 閿欒: 鎵句笉鍒扮鍙?        if (crossBlock == Blocks.AIR || cornerBlock == Blocks.AIR || crossBlock == this || cornerBlock == this) {
                          ^
  绗﹀彿:   鍙橀噺 Blocks
  浣嶇疆: 绫?MyDimensionPortalBlock
D:\Downloads\Code\Code1\src\main\java\com\example\mydimension\MyDimensionPortalBlock.java:94: 閿欒: 鎵句笉鍒扮鍙?        if (crossBlock == Blocks.AIR || cornerBlock == Blocks.AIR || crossBlock == this || cornerBlock == this) {
                                                       ^
  绗﹀彿:   鍙橀噺 Blocks
  浣嶇疆: 绫?MyDimensionPortalBlock
2 涓敊璇?

[Incubating] Problems report is available at: file:///D:/Downloads/Code/Code1/build/reports/problems/problems-report.html

FAILURE: Build failed with an exception.

* What went wrong:
Execution failed for task ':compileJava'.
> Compilation failed; see the compiler output below.
  D:\Downloads\Code\Code1\src\main\java\com\example\mydimension\MyDimensionPortalBlock.java:94: 閿欒: 鎵句笉鍒扮鍙?          if (crossBlock == Blocks.AIR || cornerBlock == Blocks.AIR || crossBlock == this || cornerBlock == this) {
                            ^
    绗﹀彿:   鍙橀噺 Blocks
    浣嶇疆: 绫?MyDimensionPortalBlock
  D:\Downloads\Code\Code1\src\main\java\com\example\mydimension\MyDimensionPortalBlock.java:94: 閿欒: 鎵句笉鍒扮鍙?          if (crossBlock == Blocks.AIR || cornerBlock == Blocks.AIR || crossBlock == this || cornerBlock == this) {
                                                         ^
    绗﹀彿:   鍙橀噺 Blocks
    浣嶇疆: 绫?MyDimensionPortalBlock
  2 涓敊璇?

* Try:
> Check your code and dependencies to fix the compilation error(s)
> Run with --scan to get full insights.

Deprecated Gradle features were used in this build, making it incompatible with Gradle 9.0.

You can use '--warning-mode all' to show the individual deprecation warnings and determine if they come from your own scripts or plugins.

For more on this, please refer to https://docs.gradle.org/8.14.5/userguide/command_line_interface.html#sec:command_line_warnings in the Gradle documentation.

BUILD FAILED in 6s
3 actionable tasks: 1 executed, 2 up-to-date
